<?xml version="1.0" encoding="utf-8"?>
<TestRun id="15481c84-1c4b-431e-8571-62e13a2f7147" name="PavelPopov@DESKTOP-LJV2VHH 2021-03-03 22:06:32" runUser="AzureAD\PavelPopov" xmlns="http://microsoft.com/schemas/VisualStudio/TeamTest/2010">
  <Times creation="2021-03-03T22:06:32.3959789+02:00" queuing="2021-03-03T22:06:32.3959797+02:00" start="2021-03-03T22:06:22.2860909+02:00" finish="2021-03-03T22:06:32.4026672+02:00" />
  <TestSettings name="default" id="5cf59ca8-addd-415e-b92f-777798df30db">
    <Deployment runDeploymentRoot="PavelPopov_DESKTOP-LJV2VHH_2021-03-03_22_06_32" />
  </TestSettings>
  <Results>
    <UnitTestResult executionId="c30ac29a-87b5-4644-8afd-edffbeb44964" testId="b02329fa-cc03-52db-93ff-8ac42ccb0eae" testName="TestOpen" computerName="DESKTOP-LJV2VHH" duration="00:00:00.1314210" startTime="2021-03-03T22:06:32.1768091+02:00" endTime="2021-03-03T22:06:32.3082297+02:00" testType="13cdc9d9-ddb5-4fa4-a97d-d965ccfc6d4b" outcome="Failed" testListId="8c84fa94-04c1-424b-9868-57a2d4851a1d" relativeResultsDirectory="c30ac29a-87b5-4644-8afd-edffbeb44964">
      <Output>
        <ErrorInfo>
          <Message>System.ArgumentException : The SearchContext of the locator object cannot be null (Parameter 'locator')</Message>
          <StackTrace>   at SeleniumExtras.PageObjects.PageFactory.InitElements(Object page, IElementLocator locator, IPageObjectMemberDecorator decorator)&#xD;
   at SeleniumExtras.PageObjects.PageFactory.InitElements(Object page, IElementLocator locator)&#xD;
   at SeleniumExtras.PageObjects.PageFactory.InitElements(ISearchContext driver, Object page)&#xD;
   at AutomationTestLab.HomePage..ctor(IWebDriver driver) in E:\SoftUni\SoftUniProject\AutomationTestLab\Pages\HomePage.cs:line 22&#xD;
   at AutomationTestLab.Test.TestOpen() in E:\SoftUni\SoftUniProject\AutomationTestLab\Tests\Test.cs:line 18</StackTrace>
        </ErrorInfo>
      </Output>
    </UnitTestResult>
  </Results>
  <TestDefinitions>
    <UnitTest name="TestOpen" storage="e:\softuni\softuniproject\automationtestlab\bin\debug\netcoreapp3.1\automationtestlab.dll" id="b02329fa-cc03-52db-93ff-8ac42ccb0eae">
      <Execution id="c30ac29a-87b5-4644-8afd-edffbeb44964" />
      <TestMethod codeBase="E:\SoftUni\SoftUniProject\AutomationTestLab\bin\Debug\netcoreapp3.1\AutomationTestLab.dll" adapterTypeName="executor://nunit3testexecutor/" className="AutomationTestLab.Test" name="TestOpen" />
    </UnitTest>
  </TestDefinitions>
  <TestEntries>
    <TestEntry testId="b02329fa-cc03-52db-93ff-8ac42ccb0eae" executionId="c30ac29a-87b5-4644-8afd-edffbeb44964" testListId="8c84fa94-04c1-424b-9868-57a2d4851a1d" />
  </TestEntries>
  <TestLists>
    <TestList name="Results Not in a List" id="8c84fa94-04c1-424b-9868-57a2d4851a1d" />
    <TestList name="All Loaded Results" id="19431567-8539-422a-85d7-44ee4e166bda" />
  </TestLists>
  <ResultSummary outcome="Failed">
    <Counters total="1" executed="1" passed="0" failed="1" error="0" timeout="0" aborted="0" inconclusive="0" passedButRunAborted="0" notRunnable="0" notExecuted="0" disconnected="0" warning="0" completed="0" inProgress="0" pending="0" />
    <Output>
      <StdOut>NUnit Adapter 3.17.0.0: Test execution started&#xD;
Running all tests in E:\SoftUni\SoftUniProject\AutomationTestLab\bin\Debug\netcoreapp3.1\AutomationTestLab.dll&#xD;
   NUnit3TestExecutor discovered 1 of 1 NUnit test cases&#xD;
NUnit Adapter 3.17.0.0: Test execution complete&#xD;
</StdOut>
    </Output>
    <RunInfos>
      <RunInfo computerName="DESKTOP-LJV2VHH" outcome="Warning" timestamp="2021-03-03T22:06:22.9636830+02:00">
        <Text>Setup failed for test fixture AutomationTestLab.HomePage</Text>
      </RunInfo>
      <RunInfo computerName="DESKTOP-LJV2VHH" outcome="Warning" timestamp="2021-03-03T22:06:22.9640850+02:00">
        <Text>No suitable constructor was found</Text>
      </RunInfo>
    </RunInfos>
  </ResultSummary>
</TestRun>